// Jest Snapshot v1, https://goo.gl/fbAQLP

exports[`Reference one by type - ambiguous error 1`] = `"Multiple services found (B, D) with following lookup: by type: instance of class "B""`;
