// Jest Snapshot v1, https://goo.gl/fbAQLP

exports[`decorators Inject accepts only string or object of ContainerArg class 1`] = `"@Inject argument must be a string that represents service name, symbol, function or instance of ContainerArg or TypeRef"`;

exports[`decorators autowiring fails could not autowire interfaces 1`] = `"Inferred type for constructor (of Example) argument nr: 0 is an interface, union type or built-in object that is not supported"`;

exports[`decorators autowiring fails could not autowire union types 1`] = `"Inferred type for constructor (of Example) argument nr: 0 is an interface, union type or built-in object that is not supported"`;

exports[`decorators autowiring fails could not use @Inject without arg for arguments 1`] = `"Using @Inject decorator without ref for function arguments is prohibited"`;

exports[`decorators autowiring fails explicit referencing reserved type 1`] = `"Inferred type for constructor (of Example) argument nr: 0 is an interface, union type or built-in object that is not supported"`;
